###############################################################################
#
# IAR ELF Linker V8.40.1.212/W32 for ARM                  22/May/2022  16:27:46
# Copyright 2007-2019 IAR Systems AB.
#
#    Output file  =  C:\Users\ST-USER\Desktop\test_20220521\Debug\Exe\test.out
#    Map file     =  C:\Users\ST-USER\Desktop\test_20220521\Debug\List\test.map
#    Command line =
#        -f C:\Users\ST-USER\AppData\Local\Temp\EWBB.tmp
#        (C:\Users\ST-USER\Desktop\test_20220521\Debug\Obj\GPIO.o
#        C:\Users\ST-USER\Desktop\test_20220521\Debug\Obj\main.o
#        C:\Users\ST-USER\Desktop\test_20220521\Debug\Obj\RCC.o
#        --no_out_extension -o
#        C:\Users\ST-USER\Desktop\test_20220521\Debug\Exe\test.out --map
#        C:\Users\ST-USER\Desktop\test_20220521\Debug\List\test.map --config
#        "C:\Program Files (x86)\IAR Systems\Embedded Workbench
#        8.3\arm\config\linker\GD\GD32F103xE.icf" --semihosting --entry
#        __iar_program_start --vfe --text_out locale)
#
###############################################################################

*******************************************************************************
*** RUNTIME MODEL ATTRIBUTES
***

CppFlavor       = *
__SystemLibrary = DLib
__dlib_version  = 6


*******************************************************************************
*** HEAP SELECTION
***

The basic heap was selected because no calls to memory allocation
functions were found in the application outside of system library
functions, and there are calls to deallocation functions in the
application.


*******************************************************************************
*** PLACEMENT SUMMARY
***

"A0":  place at address 0x800'0000 { ro section .intvec };
"P1":  place in [from 0x800'0000 to 0x807'ffff] { ro };
define block CSTACK with size = 8K, alignment = 8 { };
define block HEAP with size = 8K, alignment = 8 { };
"P2":  place in [from 0x2000'0000 to 0x2000'ffff] {
          rw, block CSTACK, block HEAP };
initialize by copy { rw };

  Section            Kind         Address    Size  Object
  -------            ----         -------    ----  ------
"A0":                                        0x40
  .intvec            ro code   0x800'0000    0x40  vector_table_M.o [3]
                             - 0x800'0040    0x40

"P1":                                       0x33c
  .text              ro code   0x800'0040    0xde  GPIO.o [1]
  .text              ro code   0x800'011e    0x2e  copy_init3.o [3]
  .text              ro code   0x800'014c    0xdc  RCC.o [1]
  .text              ro code   0x800'0228    0xb8  main.o [1]
  .text              ro code   0x800'02e0    0x28  data_init.o [3]
  .iar.init_table    const     0x800'0308    0x14  - Linker created -
  .text              ro code   0x800'031c    0x1e  cmain.o [3]
  .text              ro code   0x800'033a     0x4  low_level_init.o [2]
  .text              ro code   0x800'033e     0x4  exit.o [2]
  .text              ro code   0x800'0342     0x2  vector_table_M.o [3]
  .text              ro code   0x800'0344     0xa  cexit.o [3]
  .text              ro code   0x800'0350    0x14  exit.o [4]
  .text              ro code   0x800'0364     0xc  cstartup_M.o [3]
  Initializer bytes  const     0x800'0370     0xc  <for P2-1>
  .rodata            const     0x800'037c     0x0  copy_init3.o [3]
                             - 0x800'037c   0x33c

"P2", part 1 of 2:                            0xc
  P2-1                        0x2000'0000     0xc  <Init block>
    .data            inited   0x2000'0000     0x4  main.o [1]
    .data            inited   0x2000'0004     0x4  main.o [1]
    .data            inited   0x2000'0008     0x4  main.o [1]
                            - 0x2000'000c     0xc

"P2", part 2 of 2:                         0x2000
  CSTACK                      0x2000'0010  0x2000  <Block>
    CSTACK           uninit   0x2000'0010  0x2000  <Block tail>
                            - 0x2000'2010  0x2000

Unused ranges:

         From           To      Size
         ----           --      ----
   0x800'037c   0x807'ffff  0x7'fc84
  0x2000'000c  0x2000'000f       0x4
  0x2000'2010  0x2000'ffff    0xdff0


*******************************************************************************
*** INIT TABLE
***

          Address      Size
          -------      ----
Copy (__iar_copy_init3)
    1 source range, total size 0xc:
           0x800'0370   0xc
    1 destination range, total size 0xc:
          0x2000'0000   0xc



*******************************************************************************
*** MODULE SUMMARY
***

    Module            ro code  ro data  rw data
    ------            -------  -------  -------
command line/config:
    -------------------------------------------
    Total:

C:\Users\ST-USER\Desktop\test_20220521\Debug\Obj: [1]
    GPIO.o                222
    RCC.o                 220
    main.o                184       12       12
    -------------------------------------------
    Total:                626       12       12

dl7M_tln.a: [2]
    exit.o                  4
    low_level_init.o        4
    -------------------------------------------
    Total:                  8

rt7M_tl.a: [3]
    cexit.o                10
    cmain.o                30
    copy_init3.o           46
    cstartup_M.o           12
    data_init.o            40
    vector_table_M.o       66
    -------------------------------------------
    Total:                204

shb_l.a: [4]
    exit.o                 20
    -------------------------------------------
    Total:                 20

    Gaps                    2
    Linker created                  20    8'192
-----------------------------------------------
    Grand Total:          860       32    8'204


*******************************************************************************
*** ENTRY LIST
***

Entry                       Address  Size  Type      Object
-----                       -------  ----  ----      ------
.iar.init_table$$Base    0x800'0308         --   Gb  - Linker created -
.iar.init_table$$Limit   0x800'031c         --   Gb  - Linker created -
?main                    0x800'031d        Code  Gb  cmain.o [3]
CSTACK$$Base            0x2000'0010         --   Gb  - Linker created -
CSTACK$$Limit           0x2000'2010         --   Gb  - Linker created -
GPIO_Config              0x800'0273  0x50  Code  Gb  main.o [1]
GPIO_Init                0x800'0041  0xde  Code  Gb  GPIO.o [1]
LED1                    0x2000'0004   0x4  Data  Gb  main.o [1]
LED2                    0x2000'0008   0x4  Data  Gb  main.o [1]
RCC_APB2_set_clock       0x800'01fb  0x1c  Code  Gb  RCC.o [1]
Region$$Table$$Base      0x800'0308         --   Gb  - Linker created -
Region$$Table$$Limit     0x800'031c         --   Gb  - Linker created -
SW1                     0x2000'0000   0x4  Data  Gb  main.o [1]
SetSysClock              0x800'0175  0x86  Code  Gb  RCC.o [1]
SystemInit               0x800'014d  0x28  Code  Gb  RCC.o [1]
System_Init              0x800'025f  0x14  Code  Gb  main.o [1]
__ICFEDIT_region_RAM_end__ {Abs}
                        0x2000'ffff        Data  Gb  <internal module>
__ICFEDIT_region_RAM_start__ {Abs}
                        0x2000'0000        Data  Gb  <internal module>
__cmain                  0x800'031d        Code  Gb  cmain.o [3]
__exit                   0x800'0351  0x14  Code  Gb  exit.o [4]
__iar_copy_init3         0x800'011f  0x2e  Code  Gb  copy_init3.o [3]
__iar_data_init3         0x800'02e1  0x28  Code  Gb  data_init.o [3]
__iar_program_start      0x800'0365        Code  Gb  cstartup_M.o [3]
__low_level_init         0x800'033b   0x4  Code  Gb  low_level_init.o [2]
__vector_table           0x800'0000        Data  Gb  vector_table_M.o [3]
_call_main               0x800'0329        Code  Gb  cmain.o [3]
_exit                    0x800'0345        Code  Gb  cexit.o [3]
_main                    0x800'0337        Code  Gb  cmain.o [3]
exit                     0x800'033f   0x4  Code  Gb  exit.o [2]
main                     0x800'0229  0x36  Code  Gb  main.o [1]


[1] = C:\Users\ST-USER\Desktop\test_20220521\Debug\Obj
[2] = dl7M_tln.a
[3] = rt7M_tl.a
[4] = shb_l.a

    860 bytes of readonly  code memory
     32 bytes of readonly  data memory
  8'204 bytes of readwrite data memory

Errors: none
Warnings: none
